2026-07-18 01:52:04,339  INFO [pipeline.py:102] Starting INCREMENTAL pandas ETL run
2026-07-18 01:52:04,377  INFO [extract.py:12] Extracted 25 rows from the table
2026-07-18 01:52:04,389  INFO [load.py:21] 0 inserted to dim_driver
2026-07-18 01:52:04,390  INFO [extract.py:12] Extracted 45 rows from the table
2026-07-18 01:52:04,400  INFO [load.py:21] 0 inserted to dim_passenger
2026-07-18 01:52:04,402  INFO [extract.py:12] Extracted 30 rows from the table
2026-07-18 01:52:04,406  INFO [load.py:21] 0 inserted to dim_vehicle
2026-07-18 01:52:04,408  INFO [extract.py:12] Extracted 25 rows from the table
2026-07-18 01:52:04,413  INFO [load.py:21] 0 inserted to dim_location
2026-07-18 01:52:04,414  INFO [extract.py:12] Extracted 7 rows from the table
2026-07-18 01:52:04,416  INFO [load.py:21] 0 inserted to dim_payment_method
2026-07-18 01:52:04,417  INFO [extract.py:12] Extracted 10 rows from the table
2026-07-18 01:52:04,418  INFO [load.py:21] 0 inserted to dim_promo_code
2026-07-18 01:52:04,418  INFO [pipeline.py:118] Dimention table load completed on 0.05s
2026-07-18 01:52:04,419  INFO [extract.py:127] Loading lookup tables into memory
2026-07-18 01:52:04,424  INFO [pipeline.py:122] Lookup table extraction completed on 0.01s
2026-07-18 01:52:04,428  INFO [extract.py:165] Watermark: 2026-06-29 21:53:01
2026-07-18 01:52:04,432  INFO [extract.py:12] Extracted 10 rows from the table
2026-07-18 01:52:04,432  INFO [pipeline.py:130] Trip extraction  completed on 0.01s
2026-07-18 01:52:04,438  INFO [transform.py:158] Transformed 10 rows, skipped 0
2026-07-18 01:52:04,438  INFO [pipeline.py:134] Transformation completed on 0.01s
2026-07-18 01:52:04,438  INFO [quality.py:122] Quality gate passed: 10 rows, 5 checks
2026-07-18 01:52:04,438  INFO [pipeline.py:138] Quality Check completed on 0.00s
2026-07-18 01:52:04,447  INFO [load.py:21] 10 inserted to fact_trips
2026-07-18 01:52:04,447  INFO [pipeline.py:141] Trip table load completed on 0.01s
2026-07-18 01:52:04,447  INFO [pipeline.py:142] INCREMENTAL pandas ETL run completed successfully
