2026-07-18 01:49:11,816  INFO [pipeline.py:102] Starting FULL pandas ETL run
2026-07-18 01:49:11,846  INFO [extract.py:12] Extracted 25 rows from the table
2026-07-18 01:49:11,857  INFO [load.py:21] 0 inserted to dim_driver
2026-07-18 01:49:11,858  INFO [extract.py:12] Extracted 45 rows from the table
2026-07-18 01:49:11,866  INFO [load.py:21] 0 inserted to dim_passenger
2026-07-18 01:49:11,868  INFO [extract.py:12] Extracted 30 rows from the table
2026-07-18 01:49:11,872  INFO [load.py:21] 0 inserted to dim_vehicle
2026-07-18 01:49:11,873  INFO [extract.py:12] Extracted 25 rows from the table
2026-07-18 01:49:11,877  INFO [load.py:21] 0 inserted to dim_location
2026-07-18 01:49:11,878  INFO [extract.py:12] Extracted 7 rows from the table
2026-07-18 01:49:11,879  INFO [load.py:21] 0 inserted to dim_payment_method
2026-07-18 01:49:11,879  INFO [extract.py:12] Extracted 10 rows from the table
2026-07-18 01:49:11,881  INFO [load.py:21] 0 inserted to dim_promo_code
2026-07-18 01:49:11,881  INFO [pipeline.py:118] Dimention table load completed on 0.04s
2026-07-18 01:49:11,881  INFO [extract.py:127] Loading lookup tables into memory
2026-07-18 01:49:11,886  INFO [pipeline.py:122] Lookup table extraction completed on 0.00s
2026-07-18 01:49:11,939  INFO [extract.py:12] Extracted 10000 rows from the table
2026-07-18 01:49:11,939  INFO [pipeline.py:130] Trip extraction  completed on 0.05s
2026-07-18 01:49:11,965  INFO [transform.py:158] Transformed 10000 rows, skipped 0
2026-07-18 01:49:11,965  INFO [pipeline.py:134] Transformation completed on 0.03s
2026-07-18 01:49:11,966  INFO [quality.py:122] Quality gate passed: 10,000 rows, 5 checks
2026-07-18 01:49:11,966  INFO [pipeline.py:138] Quality Check completed on 0.00s
2026-07-18 01:49:12,684  INFO [load.py:21] 10000 inserted to fact_trips
2026-07-18 01:49:12,685  INFO [pipeline.py:141] Trip table load completed on 0.72s
2026-07-18 01:49:12,685  INFO [pipeline.py:142] FULL pandas ETL run completed successfully
