2026-07-18 01:52:16,340  INFO [pipeline.py:102] Starting FULL pandas ETL run
2026-07-18 01:52:16,364  INFO [extract.py:12] Extracted 25 rows from the table
2026-07-18 01:52:16,371  INFO [load.py:21] 0 inserted to dim_driver
2026-07-18 01:52:16,373  INFO [extract.py:12] Extracted 45 rows from the table
2026-07-18 01:52:16,381  INFO [load.py:21] 0 inserted to dim_passenger
2026-07-18 01:52:16,382  INFO [extract.py:12] Extracted 30 rows from the table
2026-07-18 01:52:16,386  INFO [load.py:21] 0 inserted to dim_vehicle
2026-07-18 01:52:16,387  INFO [extract.py:12] Extracted 25 rows from the table
2026-07-18 01:52:16,391  INFO [load.py:21] 0 inserted to dim_location
2026-07-18 01:52:16,391  INFO [extract.py:12] Extracted 7 rows from the table
2026-07-18 01:52:16,392  INFO [load.py:21] 0 inserted to dim_payment_method
2026-07-18 01:52:16,393  INFO [extract.py:12] Extracted 10 rows from the table
2026-07-18 01:52:16,394  INFO [load.py:21] 0 inserted to dim_promo_code
2026-07-18 01:52:16,394  INFO [pipeline.py:118] Dimention table load completed on 0.04s
2026-07-18 01:52:16,394  INFO [extract.py:127] Loading lookup tables into memory
2026-07-18 01:52:16,398  INFO [pipeline.py:122] Lookup table extraction completed on 0.00s
2026-07-18 01:52:16,450  INFO [extract.py:12] Extracted 10010 rows from the table
2026-07-18 01:52:16,450  INFO [pipeline.py:130] Trip extraction  completed on 0.05s
2026-07-18 01:52:16,475  INFO [transform.py:158] Transformed 10010 rows, skipped 0
2026-07-18 01:52:16,475  INFO [pipeline.py:134] Transformation completed on 0.03s
2026-07-18 01:52:16,476  INFO [quality.py:122] Quality gate passed: 10,010 rows, 5 checks
2026-07-18 01:52:16,476  INFO [pipeline.py:138] Quality Check completed on 0.00s
2026-07-18 01:52:16,995  INFO [load.py:21] 0 inserted to fact_trips
2026-07-18 01:52:16,996  INFO [pipeline.py:141] Trip table load completed on 0.52s
2026-07-18 01:52:16,996  INFO [pipeline.py:142] FULL pandas ETL run completed successfully
